
> sidequest@0.1.0 build
> next build

⚠ Invalid next.config.ts options detected: 
⚠     Unrecognized key(s) in object: 'crons' at "experimental"
⚠ See more info here: https://nextjs.org/docs/messages/invalid-next-config
⚠ Warning: Next.js inferred your workspace root, but it may not be correct.
 We detected multiple lockfiles and selected the directory of /workspaces/sidequest/package-lock.json as the root directory.
 To silence this warning, set `turbopack.root` in your Next.js config, or consider removing one of the lockfiles if it's not needed.
   See https://nextjs.org/docs/app/api-reference/config/next-config-js/turbopack#root-directory for more information.
 Detected additional lockfiles: 
   * /workspaces/sidequest/sidequest/package-lock.json

▲ Next.js 16.2.2 (Turbopack)
- Environments: .env.local
- Experiments (use with caution):
  ? crons (invalid experimental key)

  Creating an optimized production build ...
✓ Compiled successfully in 6.7s
  Running TypeScript ...
Failed to type check.

./app/api/checkout/route.ts:6:3
Type error: Type '"2025-02-24.acacia"' is not assignable to type '"2026-02-25.clover"'.

  [90m4 |[0m [90m// Hier holt sich der Server deinen geheimen Stripe-Schlüssel[0m
  [90m5 |[0m [36mconst[0m stripe = [36mnew[0m [33mStripe[0m(process.env.[33mSTRIPE_SECRET_KEY[0m!, {
[31m[1m>[0m [90m6 |[0m   apiVersion: [32m'2025-02-24.acacia'[0m, [90m// Aktuelle Stripe Version[0m
  [90m  |[0m   [31m[1m^[0m
  [90m7 |[0m });
  [90m8 |[0m
  [90m9 |[0m [36mexport[0m [36masync[0m [36mfunction[0m [33mPOST[0m(request: [33mRequest[0m) {
Next.js build worker exited with code: 1 and signal: null
